18:25:42Z  49.7147721978
18:26:27Z  49.7147721978
18:27:13Z  49.7147721978
18:27:58Z  49.7147721978
18:28:44Z  49.7147721978
18:29:29Z  49.7147721978
18:30:15Z  49.6933882533
18:31:00Z  49.6933882533
18:31:46Z  49.6933882533
18:32:32Z  49.6933882533
18:33:17Z  49.6933882533
18:34:02Z  49.6933882533
18:34:48Z  49.6933882533
18:35:34Z  49.6933882533
18:36:19Z  49.6933882533
18:37:05Z  49.6933882533
18:37:51Z  49.6933882533
18:38:36Z  49.6933882533
18:39:23Z  49.6933882533
18:40:09Z  49.6933882533
18:40:55Z  49.6933882533
