[2026-08-17T17:19:34.071014+00:00] creating book (ingest runs inline, this blocks)
[2026-08-17T17:19:34.693181+00:00] book_id=pg-41 state=ingested warnings=[]
[2026-08-17T17:19:34.694696+00:00] started
[2026-08-17T17:19:34.695702+00:00] -> ingested
[2026-08-17T17:19:37.700069+00:00] -> mentions_running
[2026-08-17T17:20:42.807283+00:00] -> mentions_done
[2026-08-17T17:20:47.814104+00:00] -> cast_running
[2026-08-17T17:21:08.850067+00:00] -> cast_done
[2026-08-17T17:21:08.851633+00:00] cleared cast_done gate in 0.00s
[2026-08-17T17:21:09.855964+00:00] -> cast_approved
[2026-08-17T17:21:13.861405+00:00] -> ledger_running
[2026-08-17T17:22:21.970682+00:00] -> ledger_done
[2026-08-17T17:22:26.977304+00:00] -> selected
[2026-08-17T17:22:31.985649+00:00] -> prompts_running
[2026-08-17T17:23:04.038561+00:00] -> prompts_draft
[2026-08-17T17:23:04.041719+00:00] prompt gate open (9 plates)
[2026-08-17T17:23:04.044168+00:00] cleared prompts_draft gate in 0.01s
[2026-08-17T17:23:05.045668+00:00] -> approved
[2026-08-17T17:23:09.051344+00:00] -> portraits_rendering
[2026-08-17T17:24:11.151903+00:00] -> portraits_review
[2026-08-17T17:24:11.154007+00:00] cleared portraits_review gate in 0.00s
[2026-08-17T17:24:12.155749+00:00] -> rendering
[2026-08-17T17:25:57.642439+00:00] -> rendered
[2026-08-17T17:26:02.696501+00:00] -> published
[2026-08-17T17:26:02.696781+00:00] published — wall 6.5 min, gate wait 0.0s
